Before stub-core-hooks !
Run stub-core-hooks !
Before stub-core-hooks !
